<?xml version="1.0" encoding="utf-8"?><testsuites><testsuite name="pytest" errors="0" failures="0" skipped="0" tests="0" time="0.027" timestamp="2026-03-16T09:54:44.438663+00:00" hostname="cn-03-23-06" /></testsuites>